*** Expectef failure:
----- step #0:
 def setter_checker_non_atomic(): | def corrupter(): | A=False
 ->  A = True                     | ->  A = False    |
     assert A == True             |                  |


----- step #1:
 def setter_checker_non_atomic(): | def corrupter(): | A=True
     A = True                     | ->  A = False    |
 ->  assert A == True             |                  |


----- step #2:
 def setter_checker_non_atomic(): | def corrupter(): | A=False
     A = True                     |     A = False    |
 ->  assert A == True             | ->==HALTED==     |


Assertion failed: assert A == True
*** Passes
