----- step #0:
 def loop():     | _=False
 ->  while True: |
         pass    |


----- step #1:
 def loop():     | _=False
 ->  while True: |
         pass    |


Assertion failed: There is a cycle in the program
